==================================================
           MODEL PREDICTION TESTS                 
==================================================

--- TESTING KNOWN REAL NEWS ---
